(node:23427) [MODULE_TYPELESS_PACKAGE_JSON] Warning: Module type of file:///home/kb/T%C3%A9l%C3%A9chargements/themeforest-rJ6z2cvs-reeni-personal-portfolio-cv-resume-reactjs-template/reeni-reactjs-template/kabirou/test-db.ts is not specified and it doesn't parse as CommonJS.
Reparsing as ES module because module syntax was detected. This incurs a performance overhead.
To eliminate this warning, add "type": "module" to /home/kb/Téléchargements/themeforest-rJ6z2cvs-reeni-personal-portfolio-cv-resume-reactjs-template/reeni-reactjs-template/kabirou/package.json.
(Use `node --trace-warnings ...` to show where the warning was created)
Attempting to connect to database...
Connection failed! PrismaClientInitializationError: 
Invalid `prisma.$queryRaw()` invocation:


Authentication failed against database server, the provided database credentials for `postgres` are not valid.

Please make sure to provide valid database credentials for the database server at the configured address.
    at ei.handleRequestError (/home/kb/Téléchargements/themeforest-rJ6z2cvs-reeni-personal-portfolio-cv-resume-reactjs-template/reeni-reactjs-template/kabirou/node_modules/@prisma/client/src/runtime/RequestHandler.ts:242:13)
    at ei.handleAndLogRequestError (/home/kb/Téléchargements/themeforest-rJ6z2cvs-reeni-personal-portfolio-cv-resume-reactjs-template/reeni-reactjs-template/kabirou/node_modules/@prisma/client/src/runtime/RequestHandler.ts:174:12)
    at ei.request (/home/kb/Téléchargements/themeforest-rJ6z2cvs-reeni-personal-portfolio-cv-resume-reactjs-template/reeni-reactjs-template/kabirou/node_modules/@prisma/client/src/runtime/RequestHandler.ts:143:12)
    at async a (/home/kb/Téléchargements/themeforest-rJ6z2cvs-reeni-personal-portfolio-cv-resume-reactjs-template/reeni-reactjs-template/kabirou/node_modules/@prisma/client/src/runtime/getPrismaClient.ts:833:24)
    at async main (file:///home/kb/T%C3%A9l%C3%A9chargements/themeforest-rJ6z2cvs-reeni-personal-portfolio-cv-resume-reactjs-template/reeni-reactjs-template/kabirou/test-db.ts:12:4) {
  clientVersion: '6.19.2',
  errorCode: undefined,
  retryable: undefined
}
